// Jest Snapshot v1, https://goo.gl/fbAQLP

exports[`test base 1`] = `
{
  "__virtual__/internal_constants.ts": {
    "code": "function tryDefineGlobal(name, value) {
  const _global = typeof window === 'undefined' ? global : window;
  if (typeof _global[name] === 'undefined') {
    return _global[name] = value;
  } else {
    // eslint-disable-next-line @typescript-eslint/no-unsafe-return
    return _global[name];
  }
}
export const HTML5 = false;
export const NATIVE = true;
export const WECHAT = false;
tryDefineGlobal('CC_WECHAT', false);
export const BAIDU = false;
tryDefineGlobal('CC_BAIDU', false);
export const XIAOMI = false;
tryDefineGlobal('CC_XIAOMI', false);
export const ALIPAY = false;
tryDefineGlobal('CC_ALIPAY', false);
export const TAOBAO = false;
export const BYTEDANCE = false;
tryDefineGlobal('CC_BYTEDANCE', false);
export const OPPO = false;
tryDefineGlobal('CC_OPPO', false);
export const VIVO = false;
tryDefineGlobal('CC_VIVO', false);
export const HUAWEI = false;
tryDefineGlobal('CC_HUAWEI', false);
export const COCOSPLAY = false;
tryDefineGlobal('CC_COCOSPLAY', false);
export const QTT = false;
tryDefineGlobal('CC_QTT', false);
export const LINKSURE = false;
tryDefineGlobal('CC_LINKSURE', false);
export const EDITOR = false;
tryDefineGlobal('CC_EDITOR', false);
export const PREVIEW = false;
tryDefineGlobal('CC_PREVIEW', false);
export const BUILD = true;
tryDefineGlobal('CC_BUILD', true);
export const TEST = false;
tryDefineGlobal('CC_TEST', false);
export const DEBUG = true;
tryDefineGlobal('CC_DEBUG', true);
export const SERVER_MODE = false;
export const DEV = false;
tryDefineGlobal('CC_DEV', false);
export const MINIGAME = false;
tryDefineGlobal('CC_MINIGAME', false);
export const RUNTIME_BASED = false;
tryDefineGlobal('CC_RUNTIME_BASED', false);
export const SUPPORT_JIT = true;
tryDefineGlobal('CC_SUPPORT_JIT', true);
export const JSB = true;
tryDefineGlobal('CC_JSB', true);
export const NOT_PACK_PHYSX_LIBS = false;
export const NET_MODE = 0;
export const WEBGPU = false;",
  },
  "animation/animation.ts": {
    "code": "export class Animation {
  play() {}
}",
  },
  "animation/index.ts": {
    "code": "export * from './animation';",
  },
  "audio/index.ts": {
    "code": "export * from './player';",
  },
  "audio/internal-native.ts": {
    "code": "console.log('internal-native');",
  },
  "audio/module.native.ts": {
    "code": "console.log('module that after override');",
  },
  "audio/player.ts": {
    "code": "import "internal-native.ts";
import { EDITOR, TEST } from "../__virtual__/internal_constants.ts";
import "./module.native";
import "../pal/audio/native.ts";
import "../pal/minigame/native.ts";
import { testDecorator } from "../decorators";
@testDecorator
export class Player {
  @testDecorator
  play() {
    if (EDITOR) {
      console.log('this is editor');
    } else if (TEST) {
      console.log('this is test');
    }
  }
}
export const player: Player = new Player();",
  },
  "decorators.ts": {
    "code": "export function testDecorator() {}",
  },
  "exports/animation.ts": {
    "code": "export * from '../animation';",
  },
  "exports/audio.ts": {
    "code": "export * from '../audio';",
  },
  "pal/audio/native.ts": {
    "code": "console.log('native audio');",
  },
  "pal/minigame/native.ts": {
    "code": "console.log('native');",
  },
}
`;
